// Jest Snapshot v1, https://goo.gl/fbAQLP

exports[`should render <App /> correctly 1`] = `
ShallowWrapper {
  Symbol(enzyme.__root__): [Circular],
  Symbol(enzyme.__unrendered__): <App />,
  Symbol(enzyme.__renderer__): Object {
    "batchedUpdates": [Function],
    "getNode": [Function],
    "render": [Function],
    "simulateError": [Function],
    "simulateEvent": [Function],
    "unmount": [Function],
  },
  Symbol(enzyme.__node__): Object {
    "instance": null,
    "key": undefined,
    "nodeType": "host",
    "props": Object {
      "children": Array [
        <div
          className="question"
        >
          <input
            type="text"
          />
          <button
            onClick={[Function]}
            type="submit"
          >
            Ask to the Gods of the Internet!
          </button>
        </div>,
        null,
      ],
      "className": "App",
    },
    "ref": null,
    "rendered": Array [
      Object {
        "instance": null,
        "key": undefined,
        "nodeType": "host",
        "props": Object {
          "children": Array [
            <input
              type="text"
            />,
            <button
              onClick={[Function]}
              type="submit"
            >
              Ask to the Gods of the Internet!
            </button>,
          ],
          "className": "question",
        },
        "ref": null,
        "rendered": Array [
          Object {
            "instance": null,
            "key": undefined,
            "nodeType": "host",
            "props": Object {
              "type": "text",
            },
            "ref": null,
            "rendered": null,
            "type": "input",
          },
          Object {
            "instance": null,
            "key": undefined,
            "nodeType": "host",
            "props": Object {
              "children": "Ask to the Gods of the Internet!",
              "onClick": [Function],
              "type": "submit",
            },
            "ref": null,
            "rendered": "Ask to the Gods of the Internet!",
            "type": "button",
          },
        ],
        "type": "div",
      },
      null,
    ],
    "type": "div",
  },
  Symbol(enzyme.__nodes__): Array [
    Object {
      "instance": null,
      "key": undefined,
      "nodeType": "host",
      "props": Object {
        "children": Array [
          <div
            className="question"
          >
            <input
              type="text"
            />
            <button
              onClick={[Function]}
              type="submit"
            >
              Ask to the Gods of the Internet!
            </button>
          </div>,
          null,
        ],
        "className": "App",
      },
      "ref": null,
      "rendered": Array [
        Object {
          "instance": null,
          "key": undefined,
          "nodeType": "host",
          "props": Object {
            "children": Array [
              <input
                type="text"
              />,
              <button
                onClick={[Function]}
                type="submit"
              >
                Ask to the Gods of the Internet!
              </button>,
            ],
            "className": "question",
          },
          "ref": null,
          "rendered": Array [
            Object {
              "instance": null,
              "key": undefined,
              "nodeType": "host",
              "props": Object {
                "type": "text",
              },
              "ref": null,
              "rendered": null,
              "type": "input",
            },
            Object {
              "instance": null,
              "key": undefined,
              "nodeType": "host",
              "props": Object {
                "children": "Ask to the Gods of the Internet!",
                "onClick": [Function],
                "type": "submit",
              },
              "ref": null,
              "rendered": "Ask to the Gods of the Internet!",
              "type": "button",
            },
          ],
          "type": "div",
        },
        null,
      ],
      "type": "div",
    },
  ],
  Symbol(enzyme.__options__): Object {
    "adapter": ReactSixteenAdapter {
      "options": Object {
        "enableComponentDidUpdateOnSetState": true,
        "lifecycles": Object {
          "componentDidUpdate": Object {
            "onSetState": true,
          },
          "getDerivedStateFromProps": true,
          "getSnapshotBeforeUpdate": true,
          "setState": Object {
            "skipsComponentDidUpdateOnNullish": true,
          },
        },
      },
    },
  },
}
`;
